// Jest Snapshot v1, https://goo.gl/fbAQLP

exports[`SendConfirmation should render with standard props 1`] = `
<SafeAreaViewComponent>
  <Gradient
    style={
      Array [
        Object {
          "alignItems": "stretch",
          "flex": 1,
          "flexDirection": "column",
          "justifyContent": "flex-start",
          "width": "100%",
        },
      ]
    }
  >
    <Gradient
      style={
        Array [
          Object {
            "height": 44,
          },
        ]
      }
    />
    <View
      style={
        Array [
          Object {
            "alignItems": "center",
            "flex": 1,
            "width": "100%",
          },
        ]
      }
    >
      <View
        style={
          Array [
            Object {
              "alignItems": "center",
              "marginTop": 10,
            },
            Object {
              "backgroundColor": "transparent",
              "height": 20,
              "marginRight": 5,
            },
          ]
        }
      >
        <FormattedText
          style={
            Array [
              Object {
                "color": "#FFFFFF",
                "fontSize": 16,
              },
            ]
          }
        >
          Balance: 
          0
           
          BTC
           (
          
           
          0.00
          )
        </FormattedText>
      </View>
      <View
        style={
          Array [
            Object {
              "alignItems": "center",
              "marginVertical": 12,
            },
            Object {
              "backgroundColor": "transparent",
              "height": 20,
              "marginRight": 5,
            },
          ]
        }
      >
        <ExchangeRate
          primaryInfo={
            Object {
              "displayCurrencyCode": "BTC",
              "displayDenomination": Object {
                "multiplier": "100000000",
                "name": "BTC",
                "symbol": "₿",
              },
              "exchangeCurrencyCode": "BTC",
              "exchangeDenomination": Object {
                "multiplier": "100000000",
                "name": "BTC",
                "symbol": "₿",
              },
            }
          }
          secondaryDisplayAmount={8000}
          secondaryInfo={
            Object {
              "displayCurrencyCode": "USD",
              "displayDenomination": Object {
                "multiplier": "1",
                "name": "",
                "symbol": "",
              },
              "exchangeCurrencyCode": "iso:USD",
              "exchangeDenomination": Object {
                "multiplier": "1",
                "name": "",
                "symbol": "",
              },
            }
          }
        />
      </View>
      <View
        style={
          Array [
            Object {
              "alignItems": "center",
              "width": "100%",
            },
          ]
        }
      >
        <ExchangedFlipInput
          exchangeSecondaryToPrimaryRatio={8000}
          forceUpdateGuiCounter={0}
          isEditable={true}
          keyboardVisible={false}
          onExchangeAmountChanged={[Function]}
          overridePrimaryExchangeAmount=""
          primaryCurrencyInfo={
            Object {
              "displayCurrencyCode": "BTC",
              "displayDenomination": Object {
                "multiplier": "100000000",
                "name": "BTC",
                "symbol": "₿",
              },
              "exchangeCurrencyCode": "BTC",
              "exchangeDenomination": Object {
                "multiplier": "100000000",
                "name": "BTC",
                "symbol": "₿",
              },
            }
          }
          secondaryCurrencyInfo={
            Object {
              "displayCurrencyCode": "USD",
              "displayDenomination": Object {
                "multiplier": "1",
                "name": "",
                "symbol": "",
              },
              "exchangeCurrencyCode": "iso:USD",
              "exchangeDenomination": Object {
                "multiplier": "1",
                "name": "",
                "symbol": "",
              },
            }
          }
        />
        <View
          style={
            Array [
              Object {
                "alignItems": "center",
                "backgroundColor": "transparent",
                "width": "100%",
              },
            ]
          }
        >
          <FormattedText
            style={
              Array [
                Object {
                  "color": "white",
                  "fontSize": 16,
                },
              ]
            }
          >
            
          </FormattedText>
        </View>
      </View>
      <View
        style={
          Array [
            Object {
              "height": 12,
            },
          ]
        }
      />
      <View
        style={
          Array [
            Object {
              "alignItems": "center",
              "justifyContent": "center",
            },
          ]
        }
      >
        <ABSlider
          forceUpdateGuiCounter={0}
          parentStyle={
            Object {
              "width": 270,
            }
          }
          resetSlider={false}
          sliderDisabled={true}
        />
      </View>
    </View>
  </Gradient>
</SafeAreaViewComponent>
`;
